
Will write log file to "amp_frame11_dry_md.md.log".

Command line:  /home/bic1/orca_6_1_1_avx2/orca_md -orca amp_frame11_dry_md

-------------------------------------------------------------------------------------------


     _____    ___    _   _       _                  ______ ______  _____   ___  
    /  ___|  / _ \  | \ | |     | |           _    /  __  \| ___ \/  __ \ / _ \ 
    \ `--.  / /_\ \ |  \| |   __| | _   _   _| |_  | |  | || |_/ /| /  \// /_\ \
     `--. \ |  _  | | . ` |  / _` || | | | |_   _| | |  | ||    / | |    |  _  |
    /\__/ / | | | | | |\  | | (_| || |_| |   |_|   | \__/ || |\ \ | \__/\| | | |
    \____/  \_| |_/ \_| \_/  \__,_| \__, |          \____/ \_| \_| \____/\_| |_/
                                     __/ |                                      
                                    |___/                                       


    ####################################################################
    ########     Scriptable Nuclear Dynamics (SANdy) + ORCA     ########
    ########           (c) Martin Brehm, 2016 - 2025            ########
    ########           Paderborn University, Germany            ########
    ########           https://sanscript.org/orcamd             ########
    ####################################################################


  * Compiled as ORCA module. Called from ORCA.
  * ORCA base name: "amp_frame11_dry_md"
  * Source code version: Jun 07 2025, compiled at Nov 24 2025 07:23:22.
  * Enabled features: SAN_MD, SAN_INTERPRETER
  * Libraries: KISS_FFT, LBFGSBC
  * Executable name: "/home/bic1/orca_6_1_1_avx2/orca_md"
  * Messages are redirected, Errors are redirected, Output is redirected, Input from stdin
  * Running on BIC1-Ubuntu at Mon Mar 23 13:15:38 2026 (PID 348134)
  * Running in /data/Seafile/amp/frames/frame11/dry/dry_md

    -----------------------------------------------

    Technical information:

  * Compiler:      LLVM, CLANG 20.1.6, "Clang 20.1.6 (/home/frankw/CompEnv/src/llvm2016/llvm-project/clang 47addd4540b4c393e478ba92bea2589e330c57fb)", Linux, __cplusplus=201103L
  * Compile host:  x86_64, Little Endian, char=8bits, int=4b, long=8b, ll=8b, addr=8b, 0x01020304=4,3,2,1.
  * Class sizes:   InputElem=248, ValuePair=112, Type=96, Value=8, VMToken=8, VMInst=8
  * Compile flags: MMX, SSE, SSE2, SSE3, SSSE3, SSE4.1, SSE4.2, POPCNT, FMA3, AVX, AVX2
  * Local machine: Intel(R) Core(TM) i7-14700 (GenuineIntel), Family 6, Model 183, Stepping 1
                   1 CPU, 20 cores, 28 threads,  Uptime 3d 02h 09m 10s
                   MMX, SSE, SSE2, SSE3, SSSE3, SSE4.1, SSE4.2, POPCNT, AES, FMA3, AVX, AVX2, SHA
                   Caches: 14x L1d (672 KiB), 14x L1i (448 KiB), 14x L2 (28 MiB), 1x L3 (33 MiB)
  * Op. System:    Linux Mint 22.1, Linux version 6.8.0-90-generic 
  * Phys. Memory:  62.42 GiB total,  29.53 GiB free
  * Stack size:    infinite


The following libraries are included:

  * KISS FFT,   Version 131.1.0 (02/2021), License: BSD 3-clause
      (c) 2003-2010 Mark Borgerding, see https://github.com/mborgerding/kissfft

  * L-BFGS-B-C, Version 3.0 (04/2011),     License: BSD 3-clause
      (c) Stephen Becker, see https://github.com/stephenbeckr/L-BFGS-B-C

  * MT19937 Pseudo Random Number Gen.,     License: Custom (permissive)
      (c) 1997-2005 Makoto Matsumoto, Takuji Nishimura, Mutsuo Saito, see https://github.com/clibs/mt19937ar


Initializing SAN engine...
  24 physical quantities and 49 units added.
  Initialized SAN language:
    97 operators, 57 keywords, 4 namespaces, 35 types, 183 flags
Done.


>>> Reading Input File >>>

Reading input file "amp_frame11_dry_md.mdinput" ...
  120 bytes read.
  5 lines.
Tokenizing input...
Found 15 tokens in file.
  ( 10 identifiers,  4 numeric literals,  1 string literals,  
     1 comments )
Line endings are uniform: 5 x \n

<<< Finished Reading Input File (took 0.000 seconds) <<<


Using the following settings:
  Interpret:              true
  Execution:              SAN-VM
  Parser verbose level:   1
  Execute verbose level:  2
  Syntax highlighting:    0
  Static vars:            false
  Dynamic types:          true
  Max. recursion depth:   200
  Max. nesting depth:     1000
  Max. argument count:    100
  Only parse:             false


>>> Parsing Input Script >>>

Handled 1 underscore identifiers.
Handling module imports...
  Importing module "Math" to global namespace.
  Importing module "MD" to global namespace.
Handled 2 module imports.
Handled 5 variable occurrences.
Assigned 6 identifiers.
Handling functions,      iteration  1...
                         iteration  2...
                         iteration  3...
Handling "FOR" loops...
Handling AutoDecl,       iteration  1...
No auto declarations.
Assigned 3 flags, re-doing function handling...
Handling functions ( 2), iteration  1...
  Moving "Void" argument 2 ("Thermostat") of function "Initvel" up 1 levels to "ROOT".
                         iteration  2...
Handling "FOR" loops...
Handling AutoDecl,       iteration  1...
No auto declarations.
Handling functions, final pass...
  Moving "Void" argument 2 ("dump") of function "Thermostat" up 1 levels to "ROOT".
Function handling done (2 macro-iterations, 0.001 seconds).
Handling keywords,       iteration  1...
Prepared 5 argument lists.
Assigned 9 read-only flags.
Assigned 16 simple VP flags.
Assigned 15 tree IDs.

<<< Finished Parsing Input Script (took 0.001 seconds) <<<


SAN-VM: Compiling...
  Optimization level: Not specified. Using default ("-O2").
Done (took 0.000 seconds).


  Part              # Tokens    # Registers    # Shortcuts    # Optimizations
  ---------------------------------------------------------------------------
  Main Program            44              0              0                  0


-------------------------------------------------------------------------------------------

>>> Initializing MD engine with interface "ORCA" >>>



>>>>>>>>>>>>>>>>>>>>>>>>>>>>>>>>>>>>>>>>>>>>>>>>>>>>
>>>   Output of System Information (from ORCA)   >>>
>>>>>>>>>>>>>>>>>>>>>>>>>>>>>>>>>>>>>>>>>>>>>>>>>>>>

(the output of geometry and basis set information is missing in the MD log file,
 as it is written to the screen directly by ORCA.)

############################################
   Total Atom Count:             162
   Total System Mass:       2112.502 a.m.u.
   Total Basis Dimension:       3947
   Total Electron Number:       1080
   Total Charge:                  -1
   Total Multiplicity:             1
   Spin Treatment:        Restricted
  ------------------------------------------
   ReducePrint:                 true
   Print Mulliken Pop:             1
   Print Loewdin Pop:              1
   Print Mayer Pop:                1
   Print Orbital Energies:         1
############################################

<<<<<<<<<<<<<<<<<<<<<<<<<<<<<<<<<<<<<<<<<<<<<<<<<<<<
<<<          End of System Information           <<<
<<<<<<<<<<<<<<<<<<<<<<<<<<<<<<<<<<<<<<<<<<<<<<<<<<<<


Initializing regions...

Defined regions:
         All:   162 atoms,   2112.502 a.m.u.
          QM:   All
      Active:   All



### System Geometry ###

  * Region "All" = "Active" = "QM":
      Bounding box: from (    1.410 |   22.173 |    5.526 )
                      to (   21.625 |   42.437 |   13.359 ) Angstrom
      System extent:     (   20.214 |   20.264 |    7.833 ) Angstrom
      Center of mass:    (   11.836 |   32.673 |    8.214 ) Angstrom
      Total mass:          2112.502 a.m.u.

      Moment of inertia: (     52993.79 |      -110.55 |     -2237.18 )
                         (      -110.55 |     53666.33 |     -2293.46 ) a.m.u. Angstrom^2
                         (     -2237.18 |     -2293.46 |     94406.07 )
      Singular values:   (     94653.88 |     52799.61 |     53612.71 ) a.m.u. Angstrom^2



Smallest interatomic distance from active region: 0.966220 Angstrom (atoms 82 - 122).


<<< MD engine initialization done (took 0.397 seconds) <<<


###############################################################
########        Executing Input Script (SAN-VM)        ########
###############################################################

Execution verbose level is 2.

-------------------------------------------------------------------------------------------



>>>>>> Timestep( 0.5_fs )

Setting integration time step to 0.50 fs.

The lightest element in the active region has an atomic mass of 1.008 a.m.u.
Recommending time step not larger than 0.50 .. 1.00 fs.
  --> choice seems reasonable


>>>>>> Initvel( 353 )


Note: In function func_Initvel(): Found temperature value "353" without unit - assuming it is in Kelvin.
In amp_frame11_dry_md.mdinput:2:
      Initvel 353 #80degC
              ^^^

Old temperature of the total system is     0.000 K.

Initializing atom velocities for region "all" to 353.000 K:
  Creating Maxwell-Boltzmann distribution...
  Temperature after random initialization is 385.782 K.
  Rescaling velocities to match desired initial temperature (factor 0.956569)...
  Removing initial center of mass movement...
  Temperature after center of mass movement removal is 352.921 K.
  Removing initial angular velocity...
    Angular momentum before:  (   4.19122759 |   4.86823667 |  -3.28239866 ) a.m.u. Angstrom^2 fs^-1
    Angular velocity before:  (   0.00007798 |   0.00008956 |  -0.00003075 ) fs^-1
    Angular momentum after:   (  -0.00000000 |   0.00000000 |  -0.00000000 ) a.m.u. Angstrom^2 fs^-1
    Angular velocity after:   (  -0.00000000 |   0.00000000 |  -0.00000000 ) fs^-1
  Temperature after angular velocity removal is 350.783 K.
  Rescaling velocities to match desired initial temperature (factor 1.003155)...
Done.

New temperature of the total system is   353.000 K.


>>>>>> Thermostat( CSVR )

Warning: No thermostat target temperature specified. Using 353.00 K from last "Initvel" command.
Warning: No thermostat time constant specified. Using 10 fs as default (rather strong).
Switching on thermostat for region "All": Type CSVR, temperature 353.00 K, time constant 10.00 fs, global.


>>>>>> dump( position, stride, 1, filename, "trajectory.xyz" )

Modified writing position trajectory for region "all": Format XYZ, stride 1, filename "trajectory.xyz", append.


>>>>>> Run( 2000 )


***************************************************
****    Starting MD loop for     2000 steps    ****
***************************************************


Defined regions:
         All:   162 atoms,   2112.502 a.m.u.
          QM:   All
      Active:   All


Dump: Will write Position data of region "All" in XYZ format with stride 1 to "trajectory.xyz" (append).

Hint: To compute properties (dipole, etc.) in each step, specify "dump properties" before run.

Active Thermostats:
  (*) Region "All": Type CSVR, temperature 353.00 K, time constant 10.00 fs, global.


Will write restart file to "amp_frame11_dry_md.mdrestart" after each step.
Will write energy statistics to "amp_frame11_dry_md-md-ener.csv" after each step.

The system contains 486 active degrees of freedom (162 active atoms * 3).

Smallest interatomic distance from active region: 0.966220 Angstrom (atoms 82 - 122).



       Step |  Sim. Time | Iter |  t_Ener |  t_Grad |     Temp |     E_Kin |         E_Pot |         E_Tot |      Cons.Qty | E.Drift
            |       [fs] |      |     [s] |     [s] |      [K] | [Hartree] |     [Hartree] |     [Hartree] |     [Hartree] |     [K]
------------|------------|------|---------|---------|----------|-----------|---------------|---------------|---------------|-----------
          0          0.0          1694.05               353.00    0.271646   -13464.232853   -13463.961208                          
          1          0.5      6   1167.55    477.50     352.23    0.271056   -13464.228226   -13463.957170   -13463.960443      0.00
          2          1.0      7   1314.64    449.83     336.10    0.258638   -13464.218976   -13463.960338   -13463.960231      0.14
          3          1.5      6   1216.23    492.34     325.42    0.250421   -13464.208195   -13463.957774   -13463.960206      0.15
          4          2.0      6   1231.29    447.14     321.61    0.247487   -13464.198878   -13463.951390   -13463.960106      0.22
          5          2.5      6   1174.49    491.23     309.81    0.238411   -13464.193379   -13463.954968   -13463.960130      0.20
          6          3.0      6   1243.73    490.18     303.32    0.233413   -13464.191709   -13463.958296   -13463.960278      0.11
          7          3.5      7   1255.87    468.80     305.38    0.235003   -13464.191047   -13463.956044   -13463.960166      0.18
          8          4.0      7   1308.05    489.99     301.19    0.231777   -13464.188617   -13463.956841   -13463.960326      0.08
          9          4.5      7   1261.55    490.51     290.22    0.223334   -13464.181921   -13463.958587   -13463.960321      0.08
         10          5.0      7   1293.77    459.39     284.16    0.218675   -13464.171458   -13463.952783   -13463.960184      0.17
         11          5.5      6   1231.31    492.18     276.95    0.213121   -13464.159487   -13463.946366   -13463.959949      0.32
         12          6.0      7   1278.22    401.49     270.67    0.208292   -13464.149246   -13463.940954   -13463.959940      0.33
         13          6.5      8   1400.91    472.49     269.00    0.207001   -13464.142473   -13463.935472   -13463.959822      0.40
         14          7.0      7   1251.48    479.97     266.95    0.205429   -13464.140044   -13463.934615   -13463.960049      0.26
         15          7.5      6   1246.95    478.02     261.93    0.201565   -13464.140166   -13463.938601   -13463.959783      0.43
         16          8.0      6   1208.68    493.48     272.10    0.209390   -13464.142108   -13463.932718   -13463.959919      0.34
         17          8.5      7   1313.08    459.88     265.40    0.204238   -13464.144081   -13463.939843   -13463.960306      0.09
         18          9.0      7   1227.11    488.79     271.10    0.208620   -13464.144212   -13463.935592   -13463.960269      0.11
         19          9.5      7   1281.59    461.76     268.51    0.206630   -13464.142627   -13463.935997   -13463.960166      0.18
         20         10.0      7   1265.83    505.71     279.40    0.215008   -13464.140170   -13463.925162   -13463.960001      0.29
         21         10.5      7   1300.76    490.89     278.28    0.214147   -13464.138568   -13463.924421   -13463.959844      0.39
         22         11.0      7   1292.67    483.70     267.99    0.206226   -13464.139672   -13463.933446   -13463.959807      0.41
         23         11.5      7   1354.91    453.76     275.11    0.211707   -13464.143942   -13463.932234   -13463.959935      0.33
         24         12.0      7   1369.10    480.14     278.19    0.214074   -13464.149767   -13463.935694   -13463.960149      0.19
         25         12.5      7   1262.28    469.60     278.66    0.214441   -13464.154152   -13463.939711   -13463.960323      0.08
         26         13.0      7   1272.40    485.72     281.16    0.216359   -13464.154873   -13463.938514   -13463.960376      0.04
         27         13.5      7   1243.18    492.17     276.37    0.212673   -13464.151495   -13463.938823   -13463.960310      0.09
         28         14.0      7   1315.87    478.12     269.95    0.207739   -13464.145362   -13463.937623   -13463.960190      0.16
         29         14.5      7   1295.38    502.75     261.54    0.201261   -13464.138721   -13463.937461   -13463.960081      0.24
         30         15.0      7   1284.41    454.93     261.33    0.201104   -13464.133705   -13463.932601   -13463.960028      0.27
         31         15.5      7   1311.88    477.40     262.20    0.201773   -13464.131436   -13463.929662   -13463.960042      0.26
         32         16.0      6   1158.32    473.21     269.74    0.207576   -13464.131542   -13463.923965   -13463.959777      0.43
         33         16.5      6   1258.46    481.68     281.09    0.216311   -13464.133521   -13463.917211   -13463.959922      0.34
         34         17.0      6   1190.34    480.50     291.94    0.224656   -13464.135015   -13463.910359   -13463.960108      0.22
         35         17.5      7   1287.61    480.59     294.56    0.226672   -13464.133949   -13463.907276   -13463.960309      0.09
         36         18.0      7   1306.53    489.83     286.18    0.220223   -13464.128947   -13463.908723   -13463.960221      0.14
         37         18.5      6   1194.81    605.79     284.28    0.218766   -13464.121230   -13463.902464   -13463.960252      0.12
         38         19.0      7   1352.80    473.65     280.00    0.215473   -13464.112582   -13463.897109   -13463.959955      0.32
         39         19.5      6   1207.42    480.20     275.05    0.211659   -13464.106672   -13463.895013   -13463.960013      0.28
         40         20.0      6   1208.12    490.72     270.26    0.207976   -13464.105122   -13463.897147   -13463.960028      0.27
         41         20.5      7   1244.08    481.25     283.47    0.218141   -13464.107405   -13463.889264   -13463.959851      0.39
         42         21.0      7   1282.45    446.46     291.20    0.224090   -13464.111523   -13463.887433   -13463.960093      0.23
         43         21.5      7   1321.53    469.37     301.98    0.232385   -13464.113585   -13463.881200   -13463.960244      0.13
         44         22.0      7   1271.93    479.39     301.07    0.231682   -13464.111427   -13463.879745   -13463.960247      0.13
         45         22.5      8   1351.61    471.32     298.77    0.229917   -13464.105104   -13463.875187   -13463.960126      0.21
         46         23.0      7   1271.98    485.28     284.10    0.218627   -13464.096508   -13463.877882   -13463.959980      0.30
         47         23.5      7   1287.12    474.24     285.45    0.219663   -13464.088437   -13463.868775   -13463.959847      0.39
         48         24.0      7   1303.75    479.23     281.78    0.216840   -13464.082972   -13463.866132   -13463.959780      0.43
         49         24.5      7   1274.52    432.44     280.00    0.215470   -13464.081370   -13463.865900   -13463.959785      0.43
         50         25.0      7   1320.17    472.87     283.96    0.218519   -13464.083549   -13463.865031   -13463.959855      0.38
         51         25.5      7   1233.51    465.90     288.10    0.221706   -13464.088178   -13463.866472   -13463.959961      0.31
         52         26.0      7   1316.13    488.24     294.41    0.226558   -13464.093169   -13463.866611   -13463.960052      0.25
         53         26.5      7   1226.52    490.64     305.25    0.234903   -13464.096610   -13463.861707   -13463.960072      0.24
         54         27.0      7   1298.29    486.20     310.02    0.238575   -13464.097571   -13463.858996   -13463.959984      0.30
         55         27.5      7   1271.80    497.83     310.26    0.238755   -13464.096720   -13463.857965   -13463.959810      0.41
         56         28.0      7   1290.37    472.40     304.79    0.234546   -13464.096254   -13463.861708   -13463.959642      0.52
         57         28.5      7   1289.46    482.03     305.62    0.235189   -13464.098527   -13463.863338   -13463.959600      0.55
         58         29.0      7   1229.57    467.02     313.94    0.241587   -13464.104322   -13463.862735   -13463.959725      0.47
         59         29.5      7   1353.26    488.74     316.96    0.243908   -13464.112228   -13463.868320   -13463.959936      0.33
         60         30.0      7   1303.65    482.52     331.77    0.255311   -13464.119610   -13463.864299   -13463.960113      0.21
         61         30.5      7   1310.71    460.41     349.20    0.268724   -13464.124488   -13463.855764   -13463.960187      0.17
         62         31.0      7   1334.03    452.29     349.64    0.269062   -13464.126007   -13463.856944   -13463.960161      0.18
         63         31.5      7   1277.49    484.60     360.19    0.277176   -13464.124835   -13463.847659   -13463.960087      0.23
         64         32.0      7   1288.81    467.15     347.26    0.267228   -13464.122423   -13463.855196   -13463.960011      0.28
         65         32.5      8   1395.23    498.96     344.93    0.265433   -13464.120289   -13463.854856   -13463.959876      0.37
         66         33.0      7   1294.25    496.11     341.44    0.262750   -13464.119762   -13463.857012   -13463.959950      0.32
         67         33.5      7   1264.01    462.04     336.31    0.258799   -13464.120814   -13463.862014   -13463.959975      0.30
         68         34.0      7   1274.95    457.67     351.27    0.270318   -13464.122933   -13463.852615   -13463.960029      0.27
         69         34.5      7   1302.65    464.12     345.23    0.265666   -13464.124727   -13463.859061   -13463.960086      0.23
         70         35.0      7   1252.74    480.44     340.47    0.262001   -13464.124550   -13463.862550   -13463.960092      0.23
         71         35.5      7   1239.24    492.01     329.51    0.253569   -13464.121747   -13463.868178   -13463.960008      0.28
         72         36.0      7   1310.35    464.78     319.77    0.246077   -13464.117126   -13463.871049   -13463.959840      0.39
         73         36.5      7   1349.32    490.51     312.62    0.240576   -13464.112835   -13463.872259   -13463.959672      0.50
         74         37.0      7   1314.79    486.78     313.45    0.241211   -13464.111163   -13463.869952   -13463.959614      0.54
         75         37.5      7   1301.28    480.74     322.09    0.247863   -13464.113006   -13463.865143   -13463.959714      0.47
         76         38.0      7   1232.42    456.80     331.66    0.255223   -13464.117221   -13463.861998   -13463.959907      0.35
         77         38.5      7   1319.15    458.56     350.26    0.269536   -13464.121403   -13463.851867   -13463.960085      0.23
         78         39.0      7   1309.77    482.99     354.56    0.272846   -13464.123375   -13463.850529   -13463.960169      0.18
         79         39.5      7   1303.69    495.50     345.42    0.265810   -13464.122285   -13463.856475   -13463.960156      0.19
         80         40.0      8   1379.13    485.73     337.12    0.259428   -13464.118938   -13463.859510   -13463.959996      0.29
         81         40.5      7   1244.16    467.20     348.98    0.268555   -13464.115217   -13463.846662   -13463.960035      0.27
         82         41.0      8   1381.69    463.23     347.65    0.267525   -13464.111833   -13463.844308   -13463.959861      0.38
         83         41.5      7   1324.39    432.44     338.94    0.260823   -13464.110193   -13463.849370   -13463.959939      0.33
         84         42.0      7   1287.04    366.80     336.59    0.259019   -13464.110589   -13463.851570   -13463.959924      0.34
         85         42.5      7   1274.41    467.87     345.62    0.265963   -13464.113030   -13463.847067   -13463.959954      0.32
         86         43.0      7   1290.19    499.60     350.46    0.269693   -13464.116378   -13463.846684   -13463.960009      0.28
         87         43.5      7   1230.21    479.65     349.23    0.268748   -13464.118879   -13463.850130   -13463.960032      0.27
         88         44.0      7   1241.63    469.55     352.55    0.271298   -13464.119367   -13463.848069   -13463.959978      0.30
         89         44.5      7   1306.11    424.59     347.67    0.267546   -13464.117926   -13463.850381   -13463.959855      0.38
         90         45.0      7   1277.82    487.04     342.16    0.263303   -13464.115815   -13463.852512   -13463.959737      0.46
         91         45.5      7   1306.11    453.14     344.43    0.265053   -13464.114542   -13463.849489   -13463.959693      0.49
         92         46.0      7   1299.57    479.36     343.78    0.264554   -13464.114766   -13463.850213   -13463.959729      0.46
         93         46.5      7   1311.32    481.13     348.76    0.268384   -13464.116212   -13463.847828   -13463.959809      0.41
         94         47.0      7   1283.50    480.02     353.97    0.272393   -13464.118122   -13463.845729   -13463.959891      0.36
         95         47.5      7   1200.28    473.38     361.50    0.278186   -13464.119736   -13463.841551   -13463.959954      0.32
         96         48.0      7   1274.18    481.76     359.98    0.277018   -13464.120603   -13463.843586   -13463.959997      0.29
         97         48.5      7   1292.18    436.18     367.78    0.283017   -13464.120612   -13463.837595   -13463.960026      0.27
         98         49.0      7   1334.80    421.10     365.28    0.281097   -13464.119758   -13463.838661   -13463.960048      0.26
         99         49.5      7   1333.02    456.80     379.11    0.291736   -13464.118057   -13463.826321   -13463.960044      0.26
        100         50.0      7   1243.57    461.55     388.53    0.298986   -13464.115574   -13463.816588   -13463.960007      0.28
        101         50.5      7   1333.36    471.10     391.42    0.301211   -13464.112589   -13463.811378   -13463.959941      0.33
        102         51.0      8   1327.35    465.44     390.77    0.300710   -13464.109613   -13463.808903   -13463.959792      0.42
        103         51.5      7   1290.74    476.62     384.42    0.295824   -13464.107384   -13463.811560   -13463.959828      0.40
        104         52.0      7   1283.85    417.71     378.34    0.291142   -13464.105812   -13463.814670   -13463.959794      0.42
        105         52.5      7   1255.63    433.65     379.52    0.292050   -13464.104924   -13463.812873   -13463.959760      0.44
        106         53.0      7   1322.95    474.37     370.41    0.285043   -13464.104570   -13463.819526   -13463.959737      0.46
        107         53.5      8   1398.29    408.34     361.95    0.278536   -13464.104646   -13463.826109   -13463.959806      0.41
        108         54.0      8   1374.44    455.26     369.58    0.284406   -13464.104739   -13463.820333   -13463.959840      0.39
        109         54.5      7   1306.65    418.57     375.13    0.288678   -13464.104333   -13463.815655   -13463.959783      0.43
        110         55.0      8   1355.82    454.16     367.17    0.282548   -13464.103338   -13463.820790   -13463.959826      0.40
        111         55.5      8   1360.98    493.40     372.21    0.286426   -13464.101934   -13463.815507   -13463.959787      0.43
        112         56.0      7   1281.84    477.87     366.62    0.282128   -13464.100799   -13463.818671   -13463.959756      0.45
        113         56.5      8   1270.38    475.96     364.61    0.280583   -13464.100498   -13463.819915   -13463.959734      0.46
        114         57.0      7   1300.59    469.47     357.86    0.275388   -13464.101460   -13463.826072   -13463.959803      0.42
        115         57.5      7   1332.25    461.86     362.85    0.279224   -13464.103567   -13463.824343   -13463.959849      0.39
        116         58.0      7   1265.59    454.59     357.94    0.275444   -13464.106516   -13463.831072   -13463.959890      0.36
        117         58.5      7   1314.60    462.74     375.07    0.288627   -13464.109813   -13463.821185   -13463.959903      0.35
        118         59.0      7   1251.28    507.60     375.48    0.288942   -13464.113207   -13463.824265   -13463.959885      0.36
        119         59.5      7   1260.83    493.81     365.09    0.280947   -13464.116535   -13463.835588   -13463.959849      0.39
        120         60.0      7   1260.06    420.67     371.31    0.285737   -13464.119999   -13463.834262   -13463.959829      0.40
        121         60.5      7   1307.76    408.93     382.14    0.294073   -13464.123558   -13463.829485   -13463.959824      0.40
        122         61.0      7   1297.74    478.05     388.14    0.298690   -13464.126672   -13463.827982   -13463.959805      0.41
        123         61.5      7   1285.31    486.81     384.36    0.295782   -13464.128951   -13463.833169   -13463.959766      0.44
        124         62.0      8   1393.01    496.32     380.79    0.293033   -13464.130595   -13463.837563   -13463.959809      0.41
        125         62.5      7   1205.68    505.29     371.87    0.286169   -13464.131725   -13463.845556   -13463.959719      0.47
        126         63.0      7   1304.76    455.55     373.24    0.287222   -13464.132770   -13463.845549   -13463.959733      0.46
        127         63.5      7   1285.39    463.07     374.06    0.287854   -13464.133556   -13463.845702   -13463.959767      0.44
        128         64.0      7   1337.64    487.30     377.64    0.290611   -13464.133763   -13463.843153   -13463.959802      0.42
        129         64.5      7   1325.00    484.16     378.93    0.291600   -13464.133214   -13463.841613   -13463.959821      0.40
        130         65.0      7   1322.65    489.87     375.11    0.288664   -13464.132024   -13463.843360   -13463.959835      0.40
        131         65.5      7   1340.78    492.05     374.39    0.288104   -13464.130523   -13463.842420   -13463.959859      0.38
        132         66.0      7   1359.76    458.91     374.59    0.288259   -13464.128915   -13463.840656   -13463.959889      0.36
        133         66.5      7   1273.23    464.50     360.52    0.277436   -13464.127170   -13463.849734   -13463.959914      0.34
        134         67.0      8   1378.02    485.19     365.30    0.281109   -13464.125288   -13463.844179   -13463.959851      0.38
        135         67.5      7   1320.61    485.34     361.85    0.278457   -13464.123557   -13463.845100   -13463.959876      0.37
        136         68.0      7   1261.04    482.75     355.26    0.273385   -13464.122146   -13463.848761   -13463.959820      0.41
        137         68.5      7   1287.37    471.17     354.34    0.272677   -13464.121644   -13463.848967   -13463.959771      0.44
        138         69.0      7   1321.47    425.55     365.58    0.281324   -13464.122284   -13463.840960   -13463.959739      0.46
        139         69.5      7   1320.93    491.46     366.53    0.282060   -13464.123879   -13463.841819   -13463.959705      0.48
        140         70.0      7   1280.09    493.75     361.54    0.278218   -13464.126240   -13463.848022   -13463.959668      0.50
        141         70.5      7   1284.13    473.02     359.56    0.276691   -13464.129497   -13463.852806   -13463.959656      0.51
        142         71.0      7   1358.22    419.94     363.26    0.279545   -13464.133625   -13463.854080   -13463.959707      0.48
        143         71.5      7   1297.83    496.48     368.40    0.283493   -13464.137873   -13463.854380   -13463.959811      0.41
        144         72.0      7   1305.90    494.37     365.43    0.281214   -13464.140915   -13463.859701   -13463.959907      0.35
        145         72.5      7   1189.84    500.82     375.16    0.288701   -13464.141791   -13463.853090   -13463.959942      0.33
        146         73.0      7   1192.00    478.81     371.35    0.285769   -13464.140574   -13463.854805   -13463.959904      0.35
        147         73.5      8   1291.39    489.10     368.84    0.283836   -13464.138445   -13463.854609   -13463.959847      0.39
        148         74.0      8   1407.34    477.23     365.10    0.280957   -13464.136983   -13463.856027   -13463.959806      0.41
        149         74.5      8   1437.79    493.76     363.95    0.280075   -13464.137126   -13463.857051   -13463.959842      0.39
        150         75.0      8   1360.40    496.25     357.25    0.274915   -13464.138577   -13463.863662   -13463.959931      0.33
        151         75.5      8   1315.87    496.03     348.44    0.268135   -13464.140229   -13463.872094   -13463.960006      0.28
CMDInterfaceOrca::CalcForces(): Error in gradient calculation, ret=256.

Error: Could not compute the gradient.
       Check the gradient logfile ("amp_frame11_dry_md.grad.log") to obtain more information on that issue.

Aborting MD loop.

Errors occurred in the MD loop.


-------------------------------------------------------------------------------------------

Execution aborted by error.

    Total execution time: 269569.490 seconds (3d 02h 52m 49.490s)

            22 instructions executed
             5 function calls


Timings for individual modules during the MD run:

Startup calculation               ...     8471.375 sec (= 141.190 min)   3.1 %
SCF iterations                    ...   189552.424 sec (=3159.207 min)  70.3 %
SCF gradient evaluation           ...    71444.905 sec (=1190.748 min)  26.5 %
ORCA initialization               ...        0.393 sec (=   0.007 min)   0.0 %
Self time inside of MD module     ...       86.094 sec (=   1.435 min)   0.0 %
------------------------------------------------------------------------------
Sum of individual times           ...   269555.192 sec (=4492.587 min) 100.0 %

Total wall time of MD module      ...   269569.886 sec (=4492.831 min)
             --> "dark time"      ...       14.694 sec (=   0.245 min)   0.0 %

orca_md aborted by error.

